micros.h:39:22:DWT_Init	4	static
micros.h:52:26:micros	4	static
main.c:94:5:main	48	static
main.c:188:6:SystemClock_Config	72	static
main.c:227:13:MX_TIM1_Init	56	static
main.c:277:13:MX_TIM2_Init	32	static
main.c:322:13:MX_TIM3_Init	64	static
main.c:381:13:MX_USART2_UART_Init	8	static
main.c:414:13:MX_USART3_UART_Init	8	static
main.c:445:13:MX_DMA_Init	16	static
main.c:463:13:MX_GPIO_Init	40	static
main.c:502:6:HAL_TIM_PeriodElapsedCallback	56	static,ignoring_inline_asm
main.c:520:6:cmdHBridge	16	static
main.c:537:6:initPwm	8	static
main.c:547:6:Error_Handler	4	static,ignoring_inline_asm
