micros.h:39:22:DWT_Init	4	static
micros.h:52:26:micros	4	static
main.c:90:5:main	48	static
main.c:182:6:SystemClock_Config	72	static
main.c:221:13:MX_TIM1_Init	56	static
main.c:271:13:MX_TIM2_Init	32	static
main.c:316:13:MX_TIM3_Init	64	static
main.c:375:13:MX_USART3_UART_Init	8	static
main.c:408:13:MX_GPIO_Init	40	static
main.c:447:6:HAL_TIM_PeriodElapsedCallback	56	static,ignoring_inline_asm
main.c:465:6:cmdHBridge	16	static
main.c:482:6:initPwm	8	static
main.c:492:6:Error_Handler	4	static,ignoring_inline_asm
